// Jest Snapshot v1, https://goo.gl/fbAQLP

exports[`Link component Should match the snapshot 1`] = `
<a
  className="navbar-item "
/>
`;
