// Jest Snapshot v1, https://goo.gl/fbAQLP

exports[`Footer component Should match the snapshot 1`] = `
<footer
  className="footer"
>
  <div
    className="content has-text-centered"
  >
    <p
      className="menu-label"
    >
      Footer
    </p>
  </div>
</footer>
`;
