// Jest Snapshot v1, https://goo.gl/fbAQLP

exports[`Notification component Should match the snapshot 1`] = `
<div
  className="notification is-info "
>
  <button
    className="delete"
    onClick={[Function]}
  />
  <p>
    The active index is: 
  </p>
</div>
`;
